// Vitest Snapshot v1, https://vitest.dev/guide/snapshot.html

exports[`DownloadButton > renders PNG button correctly 1`] = `"<base-button-stub variant="secondary" size="sm" disabled="false" title="Als PNG herunterladen"></base-button-stub>"`;

exports[`DownloadButton > renders SVG button correctly 1`] = `"<base-button-stub variant="secondary" size="sm" disabled="false" title="Als SVG herunterladen"></base-button-stub>"`;

exports[`DownloadButton > renders disabled PNG button correctly 1`] = `"<base-button-stub variant="secondary" size="sm" disabled="true" title="Als PNG herunterladen"></base-button-stub>"`;

exports[`DownloadButton > renders disabled SVG button correctly 1`] = `"<base-button-stub variant="secondary" size="sm" disabled="true" title="Als SVG herunterladen"></base-button-stub>"`;
